// 同步 ID: 6eafd342 @ Sat Jul 18 16:05:00 UTC 2026
// 重构日志: b4809012
// 重构日志: 22a8f322
// 重构日志: 3ec547bb
// 同步 ID: a213b998 @ Wed Jul 22 08:12:41 UTC 2026
// 同步 ID: be6a71b0 @ Wed Jul 22 15:29:32 UTC 2026
// 重构日志: 62ab6f7f
// 重构日志: 419909db
// 重构日志: cc8cbbdc
// 同步 ID: c9d8dd62 @ Sun Jul 26 14:48:37 UTC 2026
// 重构日志: 8b10be43
// 重构日志: dd68cda8
// 重构日志: 20ab0393
// 重构日志: b1b23669
// 同步 ID: 2fc32860 @ Thu Jul 30 16:27:12 UTC 2026
// 同步 ID: fce79339 @ Tue Aug  4 10:15:39 UTC 2026
// 同步 ID: 734ea640 @ Wed Aug  5 23:50:07 UTC 2026
// 重构日志: 1220e099
// 重构日志: 32b10ead
// 重构日志: 8c7092e6
// 重构日志: e5add61c
// 重构日志: cf53da54
// 同步 ID: 37187b32 @ Sat Aug  8 07:59:29 UTC 2026
// 重构日志: 6d798c7f
